2026-04-14 12:21:41 INFO [com.example.music.MusicApplication]: Starting MusicApplication using Java 1.8.0_152 on LAPTOP-CODE with PID 23528 (C:\AAPersonal\Code\SpringBoot\Music_Recommendation_System\music-server\target\classes started by fish in C:\AAPersonal\Code\SpringBoot\Music_Recommendation_System)
2026-04-14 12:21:41 INFO [com.example.music.MusicApplication]: The following profiles are active: dev
2026-04-14 12:21:41 INFO [org.springframework.boot.devtools.env.DevToolsPropertyDefaultsPostProcessor]: Devtools property defaults active! Set 'spring.devtools.add-properties' to 'false' to disable
2026-04-14 12:21:41 INFO [org.springframework.boot.devtools.env.DevToolsPropertyDefaultsPostProcessor]: For additional web related logging consider setting the 'logging.level.web' property to 'DEBUG'
2026-04-14 12:21:42 INFO [org.springframework.data.repository.config.RepositoryConfigurationDelegate]: Multiple Spring Data modules found, entering strict repository configuration mode!
2026-04-14 12:21:42 INFO [org.springframework.data.repository.config.RepositoryConfigurationDelegate]: Bootstrapping Spring Data Redis repositories in DEFAULT mode.
2026-04-14 12:21:42 INFO [org.springframework.data.repository.config.RepositoryConfigurationDelegate]: Finished Spring Data repository scanning in 14 ms. Found 0 Redis repository interfaces.
2026-04-14 12:21:42 WARN [org.mybatis.spring.mapper.ClassPathMapperScanner]: Skipping MapperFactoryBean with name 'adminMapper' and 'com.example.music.mapper.AdminMapper' mapperInterface. Bean already defined with the same name!
2026-04-14 12:21:42 WARN [org.mybatis.spring.mapper.ClassPathMapperScanner]: Skipping MapperFactoryBean with name 'bannerMapper' and 'com.example.music.mapper.BannerMapper' mapperInterface. Bean already defined with the same name!
2026-04-14 12:21:42 WARN [org.mybatis.spring.mapper.ClassPathMapperScanner]: Skipping MapperFactoryBean with name 'collectMapper' and 'com.example.music.mapper.CollectMapper' mapperInterface. Bean already defined with the same name!
2026-04-14 12:21:42 WARN [org.mybatis.spring.mapper.ClassPathMapperScanner]: Skipping MapperFactoryBean with name 'commentMapper' and 'com.example.music.mapper.CommentMapper' mapperInterface. Bean already defined with the same name!
2026-04-14 12:21:42 WARN [org.mybatis.spring.mapper.ClassPathMapperScanner]: Skipping MapperFactoryBean with name 'consumerMapper' and 'com.example.music.mapper.ConsumerMapper' mapperInterface. Bean already defined with the same name!
2026-04-14 12:21:42 WARN [org.mybatis.spring.mapper.ClassPathMapperScanner]: Skipping MapperFactoryBean with name 'listSongMapper' and 'com.example.music.mapper.ListSongMapper' mapperInterface. Bean already defined with the same name!
2026-04-14 12:21:42 WARN [org.mybatis.spring.mapper.ClassPathMapperScanner]: Skipping MapperFactoryBean with name 'playHistoryMapper' and 'com.example.music.mapper.PlayHistoryMapper' mapperInterface. Bean already defined with the same name!
2026-04-14 12:21:42 WARN [org.mybatis.spring.mapper.ClassPathMapperScanner]: Skipping MapperFactoryBean with name 'rankListMapper' and 'com.example.music.mapper.RankListMapper' mapperInterface. Bean already defined with the same name!
2026-04-14 12:21:42 WARN [org.mybatis.spring.mapper.ClassPathMapperScanner]: Skipping MapperFactoryBean with name 'rankSongMapper' and 'com.example.music.mapper.RankSongMapper' mapperInterface. Bean already defined with the same name!
2026-04-14 12:21:42 WARN [org.mybatis.spring.mapper.ClassPathMapperScanner]: Skipping MapperFactoryBean with name 'singerMapper' and 'com.example.music.mapper.SingerMapper' mapperInterface. Bean already defined with the same name!
2026-04-14 12:21:42 WARN [org.mybatis.spring.mapper.ClassPathMapperScanner]: Skipping MapperFactoryBean with name 'songListMapper' and 'com.example.music.mapper.SongListMapper' mapperInterface. Bean already defined with the same name!
2026-04-14 12:21:42 WARN [org.mybatis.spring.mapper.ClassPathMapperScanner]: Skipping MapperFactoryBean with name 'songMapper' and 'com.example.music.mapper.SongMapper' mapperInterface. Bean already defined with the same name!
2026-04-14 12:21:42 WARN [org.mybatis.spring.mapper.ClassPathMapperScanner]: Skipping MapperFactoryBean with name 'userSupportMapper' and 'com.example.music.mapper.UserSupportMapper' mapperInterface. Bean already defined with the same name!
2026-04-14 12:21:42 WARN [org.mybatis.spring.mapper.ClassPathMapperScanner]: No MyBatis mapper was found in '[com.example.music.mapper]' package. Please check your configuration.
2026-04-14 12:21:43 INFO [org.springframework.boot.web.embedded.tomcat.TomcatWebServer]: Tomcat initialized with port(s): 8888 (http)
2026-04-14 12:21:43 INFO [org.springframework.boot.web.servlet.context.ServletWebServerApplicationContext]: Root WebApplicationContext: initialization completed in 2429 ms
2026-04-14 12:21:43 WARN [org.springframework.boot.web.servlet.context.AnnotationConfigServletWebServerApplicationContext]: Exception encountered during context initialization - cancelling refresh attempt: org.springframework.beans.factory.BeanCreationException: Error creating bean with name 'adminController': Lookup method resolution failed; nested exception is java.lang.IllegalStateException: Failed to introspect Class [com.example.music.controller.AdminController] from ClassLoader [org.springframework.boot.devtools.restart.classloader.RestartClassLoader@26d39996]
2026-04-14 12:21:43 INFO [org.springframework.boot.autoconfigure.logging.ConditionEvaluationReportLoggingListener]: 

Error starting ApplicationContext. To display the conditions report re-run your application with 'debug' enabled.
2026-04-14 12:21:43 ERROR [org.springframework.boot.SpringApplication]: Application run failed
org.springframework.beans.factory.BeanCreationException: Error creating bean with name 'adminController': Lookup method resolution failed; nested exception is java.lang.IllegalStateException: Failed to introspect Class [com.example.music.controller.AdminController] from ClassLoader [org.springframework.boot.devtools.restart.classloader.RestartClassLoader@26d39996]
	at org.springframework.beans.factory.annotation.AutowiredAnnotationBeanPostProcessor.determineCandidateConstructors(AutowiredAnnotationBeanPostProcessor.java:289)
	at org.springframework.beans.factory.support.AbstractAutowireCapableBeanFactory.determineConstructorsFromBeanPostProcessors(AbstractAutowireCapableBeanFactory.java:1302)
	at org.springframework.beans.factory.support.AbstractAutowireCapableBeanFactory.createBeanInstance(AbstractAutowireCapableBeanFactory.java:1219)
	at org.springframework.beans.factory.support.AbstractAutowireCapableBeanFactory.doCreateBean(AbstractAutowireCapableBeanFactory.java:582)
	at org.springframework.beans.factory.support.AbstractAutowireCapableBeanFactory.createBean(AbstractAutowireCapableBeanFactory.java:542)
	at org.springframework.beans.factory.support.AbstractBeanFactory.lambda$doGetBean$0(AbstractBeanFactory.java:335)
	at org.springframework.beans.factory.support.DefaultSingletonBeanRegistry.getSingleton(DefaultSingletonBeanRegistry.java:234)
	at org.springframework.beans.factory.support.AbstractBeanFactory.doGetBean(AbstractBeanFactory.java:333)
	at org.springframework.beans.factory.support.AbstractBeanFactory.getBean(AbstractBeanFactory.java:208)
	at org.springframework.beans.factory.support.DefaultListableBeanFactory.preInstantiateSingletons(DefaultListableBeanFactory.java:953)
	at org.springframework.context.support.AbstractApplicationContext.finishBeanFactoryInitialization(AbstractApplicationContext.java:918)
	at org.springframework.context.support.AbstractApplicationContext.refresh(AbstractApplicationContext.java:583)
	at org.springframework.boot.web.servlet.context.ServletWebServerApplicationContext.refresh(ServletWebServerApplicationContext.java:145)
	at org.springframework.boot.SpringApplication.refresh(SpringApplication.java:730)
	at org.springframework.boot.SpringApplication.refreshContext(SpringApplication.java:412)
	at org.springframework.boot.SpringApplication.run(SpringApplication.java:302)
	at org.springframework.boot.SpringApplication.run(SpringApplication.java:1301)
	at org.springframework.boot.SpringApplication.run(SpringApplication.java:1290)
	at com.example.music.MusicApplication.main(MusicApplication.java:12)
	at sun.reflect.NativeMethodAccessorImpl.invoke0(Native Method)
	at sun.reflect.NativeMethodAccessorImpl.invoke(NativeMethodAccessorImpl.java:62)
	at sun.reflect.DelegatingMethodAccessorImpl.invoke(DelegatingMethodAccessorImpl.java:43)
	at java.lang.reflect.Method.invoke(Method.java:498)
	at org.springframework.boot.devtools.restart.RestartLauncher.run(RestartLauncher.java:49)
Caused by: java.lang.IllegalStateException: Failed to introspect Class [com.example.music.controller.AdminController] from ClassLoader [org.springframework.boot.devtools.restart.classloader.RestartClassLoader@26d39996]
	at org.springframework.util.ReflectionUtils.getDeclaredMethods(ReflectionUtils.java:481)
	at org.springframework.util.ReflectionUtils.doWithLocalMethods(ReflectionUtils.java:321)
	at org.springframework.beans.factory.annotation.AutowiredAnnotationBeanPostProcessor.determineCandidateConstructors(AutowiredAnnotationBeanPostProcessor.java:267)
	... 23 more
Caused by: java.lang.NoClassDefFoundError: com/example/music/model/request/AdminRequest
	at java.lang.Class.getDeclaredMethods0(Native Method)
	at java.lang.Class.privateGetDeclaredMethods(Class.java:2701)
	at java.lang.Class.getDeclaredMethods(Class.java:1975)
	at org.springframework.util.ReflectionUtils.getDeclaredMethods(ReflectionUtils.java:463)
	... 25 more
Caused by: java.lang.ClassNotFoundException: com.example.music.model.request.AdminRequest
	at java.net.URLClassLoader.findClass(URLClassLoader.java:381)
	at java.lang.ClassLoader.loadClass(ClassLoader.java:424)
	at sun.misc.Launcher$AppClassLoader.loadClass(Launcher.java:338)
	at java.lang.ClassLoader.loadClass(ClassLoader.java:357)
	at java.lang.Class.forName0(Native Method)
	at java.lang.Class.forName(Class.java:348)
	at org.springframework.boot.devtools.restart.classloader.RestartClassLoader.loadClass(RestartClassLoader.java:145)
	at java.lang.ClassLoader.loadClass(ClassLoader.java:357)
	... 29 more
2026-04-14 12:22:26 INFO [com.example.music.MusicApplication]: Starting MusicApplication using Java 1.8.0_152 on LAPTOP-CODE with PID 23896 (C:\AAPersonal\Code\SpringBoot\Music_Recommendation_System\music-server\target\classes started by fish in C:\AAPersonal\Code\SpringBoot\Music_Recommendation_System)
2026-04-14 12:22:26 INFO [com.example.music.MusicApplication]: The following profiles are active: dev
2026-04-14 12:22:26 INFO [org.springframework.boot.devtools.env.DevToolsPropertyDefaultsPostProcessor]: Devtools property defaults active! Set 'spring.devtools.add-properties' to 'false' to disable
2026-04-14 12:22:26 INFO [org.springframework.boot.devtools.env.DevToolsPropertyDefaultsPostProcessor]: For additional web related logging consider setting the 'logging.level.web' property to 'DEBUG'
2026-04-14 12:22:26 INFO [org.springframework.data.repository.config.RepositoryConfigurationDelegate]: Multiple Spring Data modules found, entering strict repository configuration mode!
2026-04-14 12:22:26 INFO [org.springframework.data.repository.config.RepositoryConfigurationDelegate]: Bootstrapping Spring Data Redis repositories in DEFAULT mode.
2026-04-14 12:22:26 INFO [org.springframework.data.repository.config.RepositoryConfigurationDelegate]: Finished Spring Data repository scanning in 13 ms. Found 0 Redis repository interfaces.
2026-04-14 12:22:26 WARN [org.mybatis.spring.mapper.ClassPathMapperScanner]: Skipping MapperFactoryBean with name 'adminMapper' and 'com.example.music.mapper.AdminMapper' mapperInterface. Bean already defined with the same name!
2026-04-14 12:22:26 WARN [org.mybatis.spring.mapper.ClassPathMapperScanner]: Skipping MapperFactoryBean with name 'bannerMapper' and 'com.example.music.mapper.BannerMapper' mapperInterface. Bean already defined with the same name!
2026-04-14 12:22:26 WARN [org.mybatis.spring.mapper.ClassPathMapperScanner]: Skipping MapperFactoryBean with name 'collectMapper' and 'com.example.music.mapper.CollectMapper' mapperInterface. Bean already defined with the same name!
2026-04-14 12:22:26 WARN [org.mybatis.spring.mapper.ClassPathMapperScanner]: Skipping MapperFactoryBean with name 'commentMapper' and 'com.example.music.mapper.CommentMapper' mapperInterface. Bean already defined with the same name!
2026-04-14 12:22:26 WARN [org.mybatis.spring.mapper.ClassPathMapperScanner]: Skipping MapperFactoryBean with name 'consumerMapper' and 'com.example.music.mapper.ConsumerMapper' mapperInterface. Bean already defined with the same name!
2026-04-14 12:22:26 WARN [org.mybatis.spring.mapper.ClassPathMapperScanner]: Skipping MapperFactoryBean with name 'listSongMapper' and 'com.example.music.mapper.ListSongMapper' mapperInterface. Bean already defined with the same name!
2026-04-14 12:22:26 WARN [org.mybatis.spring.mapper.ClassPathMapperScanner]: Skipping MapperFactoryBean with name 'playHistoryMapper' and 'com.example.music.mapper.PlayHistoryMapper' mapperInterface. Bean already defined with the same name!
2026-04-14 12:22:26 WARN [org.mybatis.spring.mapper.ClassPathMapperScanner]: Skipping MapperFactoryBean with name 'rankListMapper' and 'com.example.music.mapper.RankListMapper' mapperInterface. Bean already defined with the same name!
2026-04-14 12:22:26 WARN [org.mybatis.spring.mapper.ClassPathMapperScanner]: Skipping MapperFactoryBean with name 'rankSongMapper' and 'com.example.music.mapper.RankSongMapper' mapperInterface. Bean already defined with the same name!
2026-04-14 12:22:26 WARN [org.mybatis.spring.mapper.ClassPathMapperScanner]: Skipping MapperFactoryBean with name 'singerMapper' and 'com.example.music.mapper.SingerMapper' mapperInterface. Bean already defined with the same name!
2026-04-14 12:22:26 WARN [org.mybatis.spring.mapper.ClassPathMapperScanner]: Skipping MapperFactoryBean with name 'songListMapper' and 'com.example.music.mapper.SongListMapper' mapperInterface. Bean already defined with the same name!
2026-04-14 12:22:26 WARN [org.mybatis.spring.mapper.ClassPathMapperScanner]: Skipping MapperFactoryBean with name 'songMapper' and 'com.example.music.mapper.SongMapper' mapperInterface. Bean already defined with the same name!
2026-04-14 12:22:26 WARN [org.mybatis.spring.mapper.ClassPathMapperScanner]: Skipping MapperFactoryBean with name 'userSupportMapper' and 'com.example.music.mapper.UserSupportMapper' mapperInterface. Bean already defined with the same name!
2026-04-14 12:22:26 WARN [org.mybatis.spring.mapper.ClassPathMapperScanner]: No MyBatis mapper was found in '[com.example.music.mapper]' package. Please check your configuration.
2026-04-14 12:22:28 INFO [org.springframework.boot.web.embedded.tomcat.TomcatWebServer]: Tomcat initialized with port(s): 8888 (http)
2026-04-14 12:22:28 INFO [org.springframework.boot.web.servlet.context.ServletWebServerApplicationContext]: Root WebApplicationContext: initialization completed in 1948 ms
2026-04-14 12:22:28 INFO [org.springframework.boot.devtools.autoconfigure.OptionalLiveReloadServer]: LiveReload server is running on port 35729
2026-04-14 12:22:28 INFO [org.springframework.boot.web.embedded.tomcat.TomcatWebServer]: Tomcat started on port(s): 8888 (http) with context path ''
2026-04-14 12:22:28 INFO [com.example.music.MusicApplication]: Started MusicApplication in 2.907 seconds (JVM running for 3.85)
2026-04-14 13:14:04 INFO [org.springframework.web.servlet.DispatcherServlet]: Initializing Servlet 'dispatcherServlet'
2026-04-14 13:14:04 INFO [org.springframework.web.servlet.DispatcherServlet]: Completed initialization in 4 ms
2026-04-14 13:14:04 INFO [com.zaxxer.hikari.HikariDataSource]: HikariPool-1 - Starting...
2026-04-14 13:14:04 INFO [com.zaxxer.hikari.HikariDataSource]: HikariPool-1 - Start completed.
2026-04-14 13:14:09 WARN [org.springframework.web.servlet.PageNotFound]: No mapping for GET /api/config
2026-04-14 13:16:50 WARN [org.springframework.web.servlet.PageNotFound]: No mapping for GET /api/config
2026-04-14 13:20:04 WARN [org.springframework.web.servlet.mvc.support.DefaultHandlerExceptionResolver]: Resolved [org.springframework.web.method.annotation.MethodArgumentTypeMismatchException: Failed to convert value of type 'java.lang.String' to required type 'int'; nested exception is java.lang.NumberFormatException: For input string: ""]
2026-04-14 13:20:04 WARN [org.springframework.web.servlet.mvc.support.DefaultHandlerExceptionResolver]: Resolved [org.springframework.web.bind.MissingServletRequestParameterException: Required request parameter 'userId' for method parameter type Integer is present but converted to null]
2026-04-14 13:22:47 WARN [org.springframework.web.servlet.PageNotFound]: No mapping for GET /api/config
2026-04-14 13:23:14 WARN [org.springframework.web.servlet.PageNotFound]: No mapping for GET /api/config
2026-04-14 13:23:53 WARN [org.springframework.web.servlet.PageNotFound]: No mapping for GET /api/config
2026-04-14 19:51:45 WARN [com.zaxxer.hikari.pool.HikariPool]: HikariPool-1 - Thread starvation or clock leap detected (housekeeper delta=11m34s866ms921µs500ns).
2026-04-14 23:02:32 WARN [com.zaxxer.hikari.pool.HikariPool]: HikariPool-1 - Thread starvation or clock leap detected (housekeeper delta=7m14s18ms859µs100ns).
